# Config is an example application config.

# This file is generated by github.com/kukymbr/configen.
# Source struct: Config

# App is an application common settings.
app:
    env: development
    namespace: unknown
    domain: example.com
# Logger is a logging setup values.
logger:
    level: debug
# API is an API server configuration.
api:
    host: 0.0.0.0
    port: 8080
